// Jest Snapshot v1, https://goo.gl/fbAQLP

exports[`Snapshot success 1`] = `
<div
  className="animeHeader"
>
   
  <div
    className="animeTitle"
  >
    <h3>
      Anime Review / Rating
    </h3>
    <form
      className="animeSearch"
      data-testid="anSearch"
      onSubmit={[Function]}
    >
       
      <input
        onChange={[Function]}
        placeholder="search for anime"
        required={true}
        value=""
      />
      <svg
        aria-hidden={true}
        className="MuiSvgIcon-root"
        focusable="false"
        viewBox="0 0 24 24"
      >
        <path
          d="M15.5 14h-.79l-.28-.27c1.2-1.4 1.82-3.31 1.48-5.34-.47-2.78-2.79-5-5.59-5.34-4.23-.52-7.79 3.04-7.27 7.27.34 2.8 2.56 5.12 5.34 5.59 2.03.34 3.94-.28 5.34-1.48l.27.28v.79l4.25 4.25c.41.41 1.08.41 1.49 0 .41-.41.41-1.08 0-1.49L15.5 14zm-6 0C7.01 14 5 11.99 5 9.5S7.01 5 9.5 5 14 7.01 14 9.5 11.99 14 9.5 14z"
        />
      </svg>
    </form>
    <svg
      aria-hidden={true}
      className="MuiSvgIcon-root addTopics"
      focusable="false"
      viewBox="0 0 24 24"
    >
      <path
        d="M19 13h-6v6h-2v-6H5v-2h6V5h2v6h6v2z"
      />
    </svg>
  </div>
  <div
    className="animeListBar"
  >
    <div
      className="animeList"
    >
       
      <h3>
        Anime Search Result
      </h3>
      <div
        className="animeListBody"
      />
    </div>
    <div
      className="animePost"
    >
      <div
        className="animePhotoBar"
      >
         
        <h4>
          <img
            alt=""
            className="animePhoto"
            height={100}
            src="https://cloudfront-us-east-1.images.arcpublishing.com/advancelocal/SQSBAJOSTJD4BKWKHQUC45VYT4.jpg"
            width={100}
          />
          Demon Slayer
        </h4>
      </div>
       
    </div>
  </div>
</div>
`;
